
> my-v0-project@0.1.0 build
> next build

   Ôû▓ Next.js 16.0.7 (Turbopack)
   - Environments: .env.local

   Creating an optimized production build ...
 Ô£ô Compiled successfully in 3.0s
   Skipping validation of types
   Collecting page data using 11 workers ...
   Generating static pages using 11 workers (0/15) ...
   Generating static pages using 11 workers (3/15) 
   Generating static pages using 11 workers (7/15) 
   Generating static pages using 11 workers (11/15) 
 Ô£ô Generating static pages using 11 workers (15/15) in 663.8ms
   Finalizing page optimization ...

Route (app)
Ôöî Ôùï /
Ôö£ Ôùï /_not-found
Ôö£ Ôùï /agenda
Ôö£ ãÆ /api/chat
Ôö£ ãÆ /api/elevenlabs/tools/getAgenda
Ôö£ ãÆ /api/elevenlabs/tools/getDossier
Ôö£ ãÆ /api/generate-description
Ôö£ ãÆ /api/test-db
Ôö£ Ôùï /koper
Ôö£ Ôùï /koper/favorieten
Ôö£ Ôùï /koper/map
Ôö£ ãÆ /koper/property/[id]
Ôö£ Ôùï /makelaar
Ôö£ ãÆ /makelaar/property/[id]
Ôö£ ãÆ /properties
Ôöö Ôùï /verkoper


Ôùï  (Static)   prerendered as static content
ãÆ  (Dynamic)  server-rendered on demand

